[13:53:55] reading /Users/kennyquintana/Developer/lhd-screening/frontend/data/full_lhd_website.csv
[13:53:55] generic-named target dams with coords: 13334
[13:53:55] tiles to query: 125
[13:53:55] [  1/125] tile (6,-53) bbox 18,-159..21,-156  targets=2  named_osm=37  (cached)
[13:53:55] [  2/125] tile (6,-52) bbox 18,-156..21,-153  targets=4  named_osm=3  (cached)
[13:53:55] [  3/125] tile (6,-23) bbox 18,-69..21,-66  targets=1  named_osm=26  (cached)
[13:53:55] [  4/125] tile (6,-22) bbox 18,-66..21,-63  targets=10  named_osm=2  (cached)
[13:53:55] [  5/125] tile (7,-54) bbox 21,-162..24,-159  targets=4  named_osm=44  (cached)
[13:53:55] [  6/125] tile (7,-53) bbox 21,-159..24,-156  targets=1  named_osm=13  (cached)
[13:53:55] [  7/125] tile (8,-28) bbox 24,-84..27,-81  targets=3  named_osm=20  (cached)
[13:53:55] [  8/125] tile (8,-27) bbox 24,-81..27,-78  targets=1  named_osm=0  (cached)
[13:54:55]    overpass.private.coffee try 1: The read operation timed out
[13:55:58]    overpass.private.coffee try 2: The read operation timed out
[13:56:01]    mirror exhausted, falling through to next
[13:57:02]    overpass.kumi.systems try 1: The read operation timed out
[13:58:05]    overpass.kumi.systems try 2: The read operation timed out
[13:58:08]    mirror exhausted, falling through to next
[13:58:09]    maps.mail.ru try 1: HTTP Error 403: Forbidden
[13:58:12]    maps.mail.ru try 2: HTTP Error 403: Forbidden
[13:58:15]    mirror exhausted, falling through to next
[13:58:39] [  9/125] tile (9,-34) bbox 27,-102..30,-99  targets=18  named_osm=356
[13:59:35]    overpass.private.coffee try 1: HTTP Error 504: Gateway Timeout
[14:00:38]    overpass.private.coffee try 2: The read operation timed out
[14:00:41]    mirror exhausted, falling through to next
[14:01:42]    overpass.kumi.systems try 1: The read operation timed out
[14:02:45]    overpass.kumi.systems try 2: The read operation timed out
[14:02:48]    mirror exhausted, falling through to next
[14:02:49]    maps.mail.ru try 1: HTTP Error 403: Forbidden
[14:02:53]    maps.mail.ru try 2: HTTP Error 403: Forbidden
[14:02:56]    mirror exhausted, falling through to next
[14:03:23] [ 10/125] tile (9,-33) bbox 27,-99..30,-96  targets=43  named_osm=495
[14:04:24]    overpass.private.coffee try 1: The read operation timed out
[14:05:27]    overpass.private.coffee try 2: The read operation timed out
[14:05:30]    mirror exhausted, falling through to next
[14:06:31]    overpass.kumi.systems try 1: The read operation timed out
[14:07:34]    overpass.kumi.systems try 2: The read operation timed out
[14:07:37]    mirror exhausted, falling through to next
[14:07:38]    maps.mail.ru try 1: HTTP Error 403: Forbidden
[14:07:41]    maps.mail.ru try 2: HTTP Error 403: Forbidden
[14:07:44]    mirror exhausted, falling through to next
[14:07:59]    overpass-api.de try 1: HTTP Error 504: Gateway Timeout
[14:08:31] [ 11/125] tile (9,-32) bbox 27,-96..30,-93  targets=12  named_osm=118
[14:09:31]    overpass.private.coffee try 1: The read operation timed out
[14:10:35]    overpass.private.coffee try 2: The read operation timed out
[14:10:38]    mirror exhausted, falling through to next
[14:11:38]    overpass.kumi.systems try 1: The read operation timed out
[14:12:41]    overpass.kumi.systems try 2: The read operation timed out
[14:12:44]    mirror exhausted, falling through to next
[14:12:45]    maps.mail.ru try 1: HTTP Error 403: Forbidden
[14:12:49]    maps.mail.ru try 2: HTTP Error 403: Forbidden
[14:12:52]    mirror exhausted, falling through to next
[14:13:15] [ 12/125] tile (9,-31) bbox 27,-93..30,-90  targets=1  named_osm=7
[14:14:16]    overpass.private.coffee try 1: The read operation timed out
[14:15:19]    overpass.private.coffee try 2: The read operation timed out
[14:15:22]    mirror exhausted, falling through to next
[14:16:22]    overpass.kumi.systems try 1: The read operation timed out
[14:17:26]    overpass.kumi.systems try 2: The read operation timed out
[14:17:29]    mirror exhausted, falling through to next
[14:17:30]    maps.mail.ru try 1: HTTP Error 403: Forbidden
[14:17:33]    maps.mail.ru try 2: HTTP Error 403: Forbidden
[14:17:36]    mirror exhausted, falling through to next
[14:18:12] [ 13/125] tile (9,-28) bbox 27,-84..30,-81  targets=6  named_osm=171
[14:19:13]    overpass.private.coffee try 1: The read operation timed out
[14:20:16]    overpass.private.coffee try 2: The read operation timed out
[14:20:19]    mirror exhausted, falling through to next
[14:21:20]    overpass.kumi.systems try 1: The read operation timed out
[14:22:23]    overpass.kumi.systems try 2: The read operation timed out
[14:22:26]    mirror exhausted, falling through to next
[14:22:27]    maps.mail.ru try 1: HTTP Error 403: Forbidden
[14:22:30]    maps.mail.ru try 2: HTTP Error 403: Forbidden
[14:22:33]    mirror exhausted, falling through to next
[14:23:00] [ 14/125] tile (9,-27) bbox 27,-81..30,-78  targets=2  named_osm=58
[14:24:01]    overpass.private.coffee try 1: The read operation timed out
[14:25:04]    overpass.private.coffee try 2: The read operation timed out
[14:25:07]    mirror exhausted, falling through to next
[14:26:08]    overpass.kumi.systems try 1: The read operation timed out
[14:27:11]    overpass.kumi.systems try 2: The read operation timed out
[14:27:14]    mirror exhausted, falling through to next
[14:27:15]    maps.mail.ru try 1: HTTP Error 403: Forbidden
[14:27:18]    maps.mail.ru try 2: HTTP Error 403: Forbidden
[14:27:21]    mirror exhausted, falling through to next
[14:27:43] [ 15/125] tile (10,-39) bbox 30,-117..33,-114  targets=3  named_osm=46
[14:28:44]    overpass.private.coffee try 1: The read operation timed out
[14:29:47]    overpass.private.coffee try 2: The read operation timed out
[14:29:50]    mirror exhausted, falling through to next
[14:30:51]    overpass.kumi.systems try 1: The read operation timed out
[14:31:54]    overpass.kumi.systems try 2: The read operation timed out
[14:31:57]    mirror exhausted, falling through to next
[14:31:58]    maps.mail.ru try 1: HTTP Error 403: Forbidden
[14:32:02]    maps.mail.ru try 2: HTTP Error 403: Forbidden
[14:32:05]    mirror exhausted, falling through to next
[14:32:35] [ 16/125] tile (10,-38) bbox 30,-114..33,-111  targets=4  named_osm=50
[14:33:36]    overpass.private.coffee try 1: The read operation timed out
[14:34:40]    overpass.private.coffee try 2: The read operation timed out
[14:34:43]    mirror exhausted, falling through to next
[14:35:43]    overpass.kumi.systems try 1: The read operation timed out
[14:36:46]    overpass.kumi.systems try 2: The read operation timed out
[14:36:49]    mirror exhausted, falling through to next
[14:36:50]    maps.mail.ru try 1: HTTP Error 403: Forbidden
[14:36:54]    maps.mail.ru try 2: HTTP Error 403: Forbidden
[14:36:57]    mirror exhausted, falling through to next
[14:37:23] [ 17/125] tile (10,-37) bbox 30,-111..33,-108  targets=40  named_osm=138
[14:38:24]    overpass.private.coffee try 1: The read operation timed out
[14:39:24] [ 18/125] tile (10,-36) bbox 30,-108..33,-105  targets=15  named_osm=168
[14:40:24]    overpass.private.coffee try 1: The read operation timed out
[14:41:28]    overpass.private.coffee try 2: The read operation timed out
[14:41:31]    mirror exhausted, falling through to next
[14:42:31]    overpass.kumi.systems try 1: The read operation timed out
[14:43:34]    overpass.kumi.systems try 2: The read operation timed out
[14:43:37]    mirror exhausted, falling through to next
[14:43:38]    maps.mail.ru try 1: HTTP Error 403: Forbidden
[14:43:42]    maps.mail.ru try 2: HTTP Error 403: Forbidden
[14:43:45]    mirror exhausted, falling through to next
[14:44:14] [ 19/125] tile (10,-35) bbox 30,-105..33,-102  targets=7  named_osm=42
[14:45:06]    overpass.private.coffee try 1: HTTP Error 504: Gateway Timeout
[14:46:09]    overpass.private.coffee try 2: The read operation timed out
[14:46:12]    mirror exhausted, falling through to next
[14:47:13]    overpass.kumi.systems try 1: The read operation timed out
[14:48:16]    overpass.kumi.systems try 2: The read operation timed out
[14:48:19]    mirror exhausted, falling through to next
[14:48:20]    maps.mail.ru try 1: HTTP Error 403: Forbidden
[14:48:23]    maps.mail.ru try 2: HTTP Error 403: Forbidden
[14:48:26]    mirror exhausted, falling through to next
[14:48:48] [ 20/125] tile (10,-34) bbox 30,-102..33,-99  targets=54  named_osm=509
[14:49:49]    overpass.private.coffee try 1: The read operation timed out
[14:50:52]    overpass.private.coffee try 2: The read operation timed out
[14:50:55]    mirror exhausted, falling through to next
[14:51:55]    overpass.kumi.systems try 1: The read operation timed out
[14:52:59]    overpass.kumi.systems try 2: The read operation timed out
[14:53:02]    mirror exhausted, falling through to next
[14:53:02]    maps.mail.ru try 1: HTTP Error 403: Forbidden
[14:53:06]    maps.mail.ru try 2: HTTP Error 403: Forbidden
[14:53:09]    mirror exhausted, falling through to next
[14:53:45] [ 21/125] tile (10,-33) bbox 30,-99..33,-96  targets=55  named_osm=1906
[14:54:45]    overpass.private.coffee try 1: The read operation timed out
[14:55:49]    overpass.private.coffee try 2: The read operation timed out
[14:55:52]    mirror exhausted, falling through to next
[14:56:52]    overpass.kumi.systems try 1: The read operation timed out
[14:57:55]    overpass.kumi.systems try 2: The read operation timed out
[14:57:58]    mirror exhausted, falling through to next
[14:57:59]    maps.mail.ru try 1: HTTP Error 403: Forbidden
[14:58:03]    maps.mail.ru try 2: HTTP Error 403: Forbidden
[14:58:06]    mirror exhausted, falling through to next
[14:58:33] [ 22/125] tile (10,-32) bbox 30,-96..33,-93  targets=5  named_osm=1120
[14:59:34]    overpass.private.coffee try 1: The read operation timed out
[15:00:37]    overpass.private.coffee try 2: The read operation timed out
[15:00:40]    mirror exhausted, falling through to next
[15:01:41]    overpass.kumi.systems try 1: The read operation timed out
[15:02:44]    overpass.kumi.systems try 2: The read operation timed out
[15:02:47]    mirror exhausted, falling through to next
[15:02:48]    maps.mail.ru try 1: HTTP Error 403: Forbidden
[15:02:52]    maps.mail.ru try 2: HTTP Error 403: Forbidden
[15:02:55]    mirror exhausted, falling through to next
[15:03:19] [ 23/125] tile (10,-31) bbox 30,-93..33,-90  targets=12  named_osm=772
[15:04:20]    overpass.private.coffee try 1: The read operation timed out
[15:05:23]    overpass.private.coffee try 2: The read operation timed out
[15:05:26]    mirror exhausted, falling through to next
[15:06:27]    overpass.kumi.systems try 1: The read operation timed out
[15:07:30]    overpass.kumi.systems try 2: The read operation timed out
[15:07:33]    mirror exhausted, falling through to next
[15:07:34]    maps.mail.ru try 1: HTTP Error 403: Forbidden
[15:07:38]    maps.mail.ru try 2: HTTP Error 403: Forbidden
[15:07:41]    mirror exhausted, falling through to next
[15:08:17] [ 24/125] tile (10,-30) bbox 30,-90..33,-87  targets=8  named_osm=1289
[15:09:17]    overpass.private.coffee try 1: The read operation timed out
[15:10:20]    overpass.private.coffee try 2: The read operation timed out
[15:10:23]    mirror exhausted, falling through to next
[15:11:24]    overpass.kumi.systems try 1: The read operation timed out
[15:12:27]    overpass.kumi.systems try 2: The read operation timed out
[15:12:30]    mirror exhausted, falling through to next
[15:12:31]    maps.mail.ru try 1: HTTP Error 403: Forbidden
[15:12:35]    maps.mail.ru try 2: HTTP Error 403: Forbidden
[15:12:38]    mirror exhausted, falling through to next
[15:13:05] [ 25/125] tile (10,-29) bbox 30,-87..33,-84  targets=22  named_osm=1418
[15:14:06]    overpass.private.coffee try 1: The read operation timed out
[15:15:10]    overpass.private.coffee try 2: The read operation timed out
[15:15:13]    mirror exhausted, falling through to next
[15:16:13]    overpass.kumi.systems try 1: The read operation timed out
[15:17:16]    overpass.kumi.systems try 2: The read operation timed out
[15:17:19]    mirror exhausted, falling through to next
[15:17:20]    maps.mail.ru try 1: HTTP Error 403: Forbidden
[15:17:24]    maps.mail.ru try 2: HTTP Error 403: Forbidden
[15:17:27]    mirror exhausted, falling through to next
[15:17:53] [ 26/125] tile (10,-28) bbox 30,-84..33,-81  targets=14  named_osm=1443
[15:18:54]    overpass.private.coffee try 1: The read operation timed out
[15:19:57]    overpass.private.coffee try 2: The read operation timed out
[15:20:00]    mirror exhausted, falling through to next
[15:21:00]    overpass.kumi.systems try 1: The read operation timed out
[15:22:04]    overpass.kumi.systems try 2: The read operation timed out
[15:22:07]    mirror exhausted, falling through to next
[15:22:08]    maps.mail.ru try 1: HTTP Error 403: Forbidden
[15:22:11]    maps.mail.ru try 2: HTTP Error 403: Forbidden
[15:22:14]    mirror exhausted, falling through to next
[15:23:03] [ 27/125] tile (11,-40) bbox 33,-120..36,-117  targets=193  named_osm=246
[15:24:03]    overpass.private.coffee try 1: The read operation timed out
[15:25:07]    overpass.private.coffee try 2: The read operation timed out
[15:25:10]    mirror exhausted, falling through to next
[15:26:10]    overpass.kumi.systems try 1: The read operation timed out
[15:27:14]    overpass.kumi.systems try 2: The read operation timed out
[15:27:17]    mirror exhausted, falling through to next
[15:27:17]    maps.mail.ru try 1: HTTP Error 403: Forbidden
[15:27:21]    maps.mail.ru try 2: HTTP Error 403: Forbidden
[15:27:24]    mirror exhausted, falling through to next
[15:27:49] [ 28/125] tile (11,-39) bbox 33,-117..36,-114  targets=3  named_osm=49
[15:28:49]    overpass.private.coffee try 1: The read operation timed out
[15:29:53]    overpass.private.coffee try 2: The read operation timed out
[15:29:56]    mirror exhausted, falling through to next
[15:30:56]    overpass.kumi.systems try 1: The read operation timed out
[15:31:59]    overpass.kumi.systems try 2: The read operation timed out
[15:32:02]    mirror exhausted, falling through to next
[15:32:03]    maps.mail.ru try 1: HTTP Error 403: Forbidden
[15:32:07]    maps.mail.ru try 2: HTTP Error 403: Forbidden
[15:32:10]    mirror exhausted, falling through to next
[15:32:21]    overpass-api.de try 1: HTTP Error 504: Gateway Timeout
[15:33:18] [ 29/125] tile (11,-38) bbox 33,-114..36,-111  targets=37  named_osm=230
[15:34:18]    overpass.private.coffee try 1: The read operation timed out
[15:35:22]    overpass.private.coffee try 2: The read operation timed out
[15:35:25]    mirror exhausted, falling through to next
[15:36:25]    overpass.kumi.systems try 1: The read operation timed out
[15:37:29]    overpass.kumi.systems try 2: The read operation timed out
[15:37:32]    mirror exhausted, falling through to next
[15:37:32]    maps.mail.ru try 1: HTTP Error 403: Forbidden
[15:37:36]    maps.mail.ru try 2: HTTP Error 403: Forbidden
[15:37:39]    mirror exhausted, falling through to next
[15:38:17] [ 30/125] tile (11,-37) bbox 33,-111..36,-108  targets=17  named_osm=274
[15:39:17]    overpass.private.coffee try 1: The read operation timed out
[15:40:21]    overpass.private.coffee try 2: The read operation timed out
[15:40:24]    mirror exhausted, falling through to next
[15:41:24]    overpass.kumi.systems try 1: The read operation timed out
[15:42:27]    overpass.kumi.systems try 2: The read operation timed out
[15:42:30]    mirror exhausted, falling through to next
[15:42:31]    maps.mail.ru try 1: HTTP Error 403: Forbidden
[15:42:35]    maps.mail.ru try 2: HTTP Error 403: Forbidden
[15:42:38]    mirror exhausted, falling through to next
[15:42:58] [ 31/125] tile (11,-36) bbox 33,-108..36,-105  targets=185  named_osm=193
[15:43:59]    overpass.private.coffee try 1: The read operation timed out
[15:45:02]    overpass.private.coffee try 2: The read operation timed out
[15:45:05]    mirror exhausted, falling through to next
[15:46:05]    overpass.kumi.systems try 1: The read operation timed out
[15:47:09]    overpass.kumi.systems try 2: The read operation timed out
[15:47:12]    mirror exhausted, falling through to next
[15:47:12]    maps.mail.ru try 1: HTTP Error 403: Forbidden
[15:47:16]    maps.mail.ru try 2: HTTP Error 403: Forbidden
[15:47:19]    mirror exhausted, falling through to next
[15:47:33]    overpass-api.de try 1: HTTP Error 504: Gateway Timeout
[15:47:59] [ 32/125] tile (11,-35) bbox 33,-105..36,-102  targets=14  named_osm=82
[15:49:00]    overpass.private.coffee try 1: The read operation timed out
[15:50:03]    overpass.private.coffee try 2: The read operation timed out
[15:50:06]    mirror exhausted, falling through to next
[15:51:06]    overpass.kumi.systems try 1: The read operation timed out
[15:52:06]    overpass.kumi.systems try 2: HTTP Error 504: Gateway Timeout
[15:52:09]    mirror exhausted, falling through to next
[15:52:10]    maps.mail.ru try 1: HTTP Error 403: Forbidden
[15:52:13]    maps.mail.ru try 2: HTTP Error 403: Forbidden
[15:52:17]    mirror exhausted, falling through to next
[15:52:39] [ 33/125] tile (11,-34) bbox 33,-102..36,-99  targets=1  named_osm=881
[15:53:39]    overpass.private.coffee try 1: The read operation timed out
[15:54:43]    overpass.private.coffee try 2: The read operation timed out
[15:54:46]    mirror exhausted, falling through to next
[15:55:46]    overpass.kumi.systems try 1: The read operation timed out
[15:56:50]    overpass.kumi.systems try 2: The read operation timed out
[15:56:53]    mirror exhausted, falling through to next
[15:56:53]    maps.mail.ru try 1: HTTP Error 403: Forbidden
[15:56:57]    maps.mail.ru try 2: HTTP Error 403: Forbidden
[15:57:00]    mirror exhausted, falling through to next
[15:57:33] [ 34/125] tile (11,-33) bbox 33,-99..36,-96  targets=4  named_osm=3339
[15:58:34]    overpass.private.coffee try 1: The read operation timed out
[15:59:27]    overpass.private.coffee try 2: HTTP Error 504: Gateway Timeout
[15:59:30]    mirror exhausted, falling through to next
[16:00:31]    overpass.kumi.systems try 1: The read operation timed out
[16:01:34]    overpass.kumi.systems try 2: The read operation timed out
[16:01:37]    mirror exhausted, falling through to next
[16:01:38]    maps.mail.ru try 1: HTTP Error 403: Forbidden
[16:01:42]    maps.mail.ru try 2: HTTP Error 403: Forbidden
[16:01:45]    mirror exhausted, falling through to next
[16:02:12] [ 35/125] tile (11,-32) bbox 33,-96..36,-93  targets=7  named_osm=951
[16:03:13]    overpass.private.coffee try 1: The read operation timed out
[16:04:16]    overpass.private.coffee try 2: The read operation timed out
[16:04:19]    mirror exhausted, falling through to next
[16:05:19]    overpass.kumi.systems try 1: The read operation timed out
[16:06:23]    overpass.kumi.systems try 2: The read operation timed out
[16:06:26]    mirror exhausted, falling through to next
[16:06:26]    maps.mail.ru try 1: HTTP Error 403: Forbidden
[16:06:30]    maps.mail.ru try 2: HTTP Error 403: Forbidden
[16:06:33]    mirror exhausted, falling through to next
[16:06:58] [ 36/125] tile (11,-31) bbox 33,-93..36,-90  targets=11  named_osm=872
[16:07:59]    overpass.private.coffee try 1: The read operation timed out
[16:08:53]    overpass.private.coffee try 2: HTTP Error 504: Gateway Timeout
[16:08:56]    mirror exhausted, falling through to next
[16:09:56]    overpass.kumi.systems try 1: The read operation timed out
[16:11:00]    overpass.kumi.systems try 2: The read operation timed out
[16:11:03]    mirror exhausted, falling through to next
[16:11:04]    maps.mail.ru try 1: HTTP Error 403: Forbidden
[16:11:08]    maps.mail.ru try 2: HTTP Error 403: Forbidden
[16:11:11]    mirror exhausted, falling through to next
[16:11:42] [ 37/125] tile (11,-30) bbox 33,-90..36,-87  targets=28  named_osm=1491
[16:12:42]    overpass.private.coffee try 1: The read operation timed out
[16:13:46]    overpass.private.coffee try 2: The read operation timed out
[16:13:49]    mirror exhausted, falling through to next
[16:14:49]    overpass.kumi.systems try 1: The read operation timed out
[16:15:52]    overpass.kumi.systems try 2: The read operation timed out
[16:15:55]    mirror exhausted, falling through to next
[16:15:56]    maps.mail.ru try 1: HTTP Error 403: Forbidden
[16:16:00]    maps.mail.ru try 2: HTTP Error 403: Forbidden
[16:16:03]    mirror exhausted, falling through to next
[16:16:42] [ 38/125] tile (11,-29) bbox 33,-87..36,-84  targets=105  named_osm=1840
[16:17:43]    overpass.private.coffee try 1: The read operation timed out
[16:18:44]    overpass.private.coffee try 2: HTTP Error 504: Gateway Timeout
[16:18:47]    mirror exhausted, falling through to next
[16:19:47]    overpass.kumi.systems try 1: The read operation timed out
[16:20:51]    overpass.kumi.systems try 2: The read operation timed out
[16:20:54]    mirror exhausted, falling through to next
[16:20:54]    maps.mail.ru try 1: HTTP Error 403: Forbidden
[16:20:58]    maps.mail.ru try 2: HTTP Error 403: Forbidden
[16:21:01]    mirror exhausted, falling through to next
[16:21:38] [ 39/125] tile (11,-28) bbox 33,-84..36,-81  targets=139  named_osm=1910
[16:22:38]    overpass.private.coffee try 1: The read operation timed out
[16:23:24]    overpass.private.coffee try 2: HTTP Error 504: Gateway Timeout
[16:23:27]    mirror exhausted, falling through to next
[16:24:27]    overpass.kumi.systems try 1: The read operation timed out
[16:25:30]    overpass.kumi.systems try 2: The read operation timed out
[16:25:33]    mirror exhausted, falling through to next
[16:25:34]    maps.mail.ru try 1: HTTP Error 403: Forbidden
[16:25:38]    maps.mail.ru try 2: HTTP Error 403: Forbidden
[16:25:41]    mirror exhausted, falling through to next
[16:26:26] [ 40/125] tile (11,-27) bbox 33,-81..36,-78  targets=55  named_osm=1248
[16:27:16] [ 41/125] tile (11,-26) bbox 33,-78..36,-75  targets=4  named_osm=62
[16:27:52]    overpass.private.coffee try 1: HTTP Error 504: Gateway Timeout
[16:28:55]    overpass.private.coffee try 2: The read operation timed out
[16:28:58]    mirror exhausted, falling through to next
[16:29:58]    overpass.kumi.systems try 1: The read operation timed out
[16:31:02]    overpass.kumi.systems try 2: The read operation timed out
[16:31:05]    mirror exhausted, falling through to next
[16:31:05]    maps.mail.ru try 1: HTTP Error 403: Forbidden
[16:31:09]    maps.mail.ru try 2: HTTP Error 403: Forbidden
[16:31:12]    mirror exhausted, falling through to next
[16:31:49] [ 42/125] tile (12,-41) bbox 36,-123..39,-120  targets=38  named_osm=550
[16:32:49]    overpass.private.coffee try 1: The read operation timed out
[16:33:44] [ 43/125] tile (12,-40) bbox 36,-120..39,-117  targets=91  named_osm=165
[16:34:40] [ 44/125] tile (12,-39) bbox 36,-117..39,-114  targets=17  named_osm=61
[16:35:13]    overpass.private.coffee try 1: HTTP Error 504: Gateway Timeout
[16:35:55] [ 45/125] tile (12,-38) bbox 36,-114..39,-111  targets=37  named_osm=151
[16:36:36]    overpass.private.coffee try 1: HTTP Error 504: Gateway Timeout
[16:37:40]    overpass.private.coffee try 2: The read operation timed out
[16:37:43]    mirror exhausted, falling through to next
[16:38:31] [ 46/125] tile (12,-37) bbox 36,-111..39,-108  targets=97  named_osm=161
[16:39:31]    overpass.private.coffee try 1: The read operation timed out
[16:40:20]    overpass.private.coffee try 2: HTTP Error 504: Gateway Timeout
[16:40:23]    mirror exhausted, falling through to next
[16:40:59]    overpass.kumi.systems try 1: HTTP Error 504: Gateway Timeout
[16:42:02]    overpass.kumi.systems try 2: The read operation timed out
[16:42:05]    mirror exhausted, falling through to next
[16:42:06]    maps.mail.ru try 1: HTTP Error 403: Forbidden
[16:42:10]    maps.mail.ru try 2: HTTP Error 403: Forbidden
[16:42:13]    mirror exhausted, falling through to next
[16:42:37] [ 47/125] tile (12,-36) bbox 36,-108..39,-105  targets=547  named_osm=370
[16:43:12]    overpass.private.coffee try 1: HTTP Error 504: Gateway Timeout
[16:44:04] [ 48/125] tile (12,-35) bbox 36,-105..39,-102  targets=75  named_osm=250
[16:44:47] [ 49/125] tile (12,-34) bbox 36,-102..39,-99  targets=34  named_osm=272
[16:45:31]    overpass.private.coffee try 1: HTTP Error 504: Gateway Timeout
[16:46:15]    overpass.private.coffee try 2: HTTP Error 504: Gateway Timeout
[16:46:18]    mirror exhausted, falling through to next
[16:47:18]    overpass.kumi.systems try 1: The read operation timed out
[16:48:22] [ 50/125] tile (12,-33) bbox 36,-99..39,-96  targets=99  named_osm=966
[16:49:07]    overpass.private.coffee try 1: HTTP Error 504: Gateway Timeout
[16:50:05]    overpass.private.coffee try 2: HTTP Error 504: Gateway Timeout
[16:50:08]    mirror exhausted, falling through to next
[16:51:08]    overpass.kumi.systems try 1: The read operation timed out
[16:51:55]    overpass.kumi.systems try 2: HTTP Error 504: Gateway Timeout
[16:51:58]    mirror exhausted, falling through to next
[16:51:59]    maps.mail.ru try 1: HTTP Error 403: Forbidden
[16:52:03]    maps.mail.ru try 2: HTTP Error 403: Forbidden
[16:52:06]    mirror exhausted, falling through to next
[16:52:36] [ 51/125] tile (12,-32) bbox 36,-96..39,-93  targets=119  named_osm=965
[16:53:37]    overpass.private.coffee try 1: The read operation timed out
[16:54:31] [ 52/125] tile (12,-31) bbox 36,-93..39,-90  targets=64  named_osm=1632
[16:55:03]    overpass.private.coffee try 1: HTTP Error 504: Gateway Timeout
[16:55:57] [ 53/125] tile (12,-30) bbox 36,-90..39,-87  targets=30  named_osm=550
[16:56:58]    overpass.private.coffee try 1: The read operation timed out
[16:57:36]    overpass.private.coffee try 2: HTTP Error 504: Gateway Timeout
[16:57:39]    mirror exhausted, falling through to next
[16:58:15]    overpass.kumi.systems try 1: HTTP Error 504: Gateway Timeout
[16:59:18]    overpass.kumi.systems try 2: The read operation timed out
[16:59:21]    mirror exhausted, falling through to next
[16:59:22]    maps.mail.ru try 1: HTTP Error 403: Forbidden
[16:59:26]    maps.mail.ru try 2: HTTP Error 403: Forbidden
[16:59:29]    mirror exhausted, falling through to next
[16:59:54] [ 54/125] tile (12,-29) bbox 36,-87..39,-84  targets=232  named_osm=373
[17:00:28]    overpass.private.coffee try 1: HTTP Error 504: Gateway Timeout
[17:01:04]    overpass.private.coffee try 2: HTTP Error 504: Gateway Timeout
[17:01:07]    mirror exhausted, falling through to next
[17:02:01] [ 55/125] tile (12,-28) bbox 36,-84..39,-81  targets=161  named_osm=391
[17:03:02]    overpass.private.coffee try 1: The read operation timed out
[17:04:05]    overpass.private.coffee try 2: The read operation timed out
[17:04:08]    mirror exhausted, falling through to next
[17:05:08]    overpass.kumi.systems try 1: The read operation timed out
[17:06:12] [ 56/125] tile (12,-27) bbox 36,-81..39,-78  targets=109  named_osm=1058
[17:07:13]    overpass.private.coffee try 1: The read operation timed out
[17:08:16]    overpass.private.coffee try 2: The read operation timed out
[17:08:19]    mirror exhausted, falling through to next
[17:09:19]    overpass.kumi.systems try 1: The read operation timed out
[17:09:59]    overpass.kumi.systems try 2: HTTP Error 504: Gateway Timeout
[17:10:02]    mirror exhausted, falling through to next
[17:10:03]    maps.mail.ru try 1: HTTP Error 403: Forbidden
[17:10:07]    maps.mail.ru try 2: HTTP Error 403: Forbidden
[17:10:10]    mirror exhausted, falling through to next
[17:11:09] [ 57/125] tile (12,-26) bbox 36,-78..39,-75  targets=44  named_osm=820
[17:12:01] [ 58/125] tile (13,-42) bbox 39,-126..42,-123  targets=4  named_osm=27
[17:12:48]    overpass.private.coffee try 1: HTTP Error 504: Gateway Timeout
[17:13:35]    overpass.private.coffee try 2: HTTP Error 504: Gateway Timeout
[17:13:38]    mirror exhausted, falling through to next
[17:14:38]    overpass.kumi.systems try 1: The read operation timed out
[17:15:21]    overpass.kumi.systems try 2: HTTP Error 504: Gateway Timeout
[17:15:24]    mirror exhausted, falling through to next
[17:15:25]    maps.mail.ru try 1: HTTP Error 403: Forbidden
[17:15:28]    maps.mail.ru try 2: HTTP Error 403: Forbidden
[17:15:31]    mirror exhausted, falling through to next
[17:15:58] [ 59/125] tile (13,-41) bbox 39,-123..42,-120  targets=50  named_osm=405
[17:16:50] [ 60/125] tile (13,-40) bbox 39,-120..42,-117  targets=463  named_osm=103
[17:17:37] [ 61/125] tile (13,-39) bbox 39,-117..42,-114  targets=148  named_osm=87
[17:18:18]    overpass.private.coffee try 1: HTTP Error 504: Gateway Timeout
[17:19:03]    overpass.private.coffee try 2: HTTP Error 504: Gateway Timeout
[17:19:06]    mirror exhausted, falling through to next
[17:20:02] [ 62/125] tile (13,-38) bbox 39,-114..42,-111  targets=356  named_osm=205
[17:21:02]    overpass.private.coffee try 1: The read operation timed out
[17:22:06]    overpass.private.coffee try 2: The read operation timed out
[17:22:09]    mirror exhausted, falling through to next
[17:22:54] [ 63/125] tile (13,-37) bbox 39,-111..42,-108  targets=196  named_osm=242
[17:23:53] [ 64/125] tile (13,-36) bbox 39,-108..42,-105  targets=494  named_osm=971
[17:24:47] [ 65/125] tile (13,-35) bbox 39,-105..42,-102  targets=516  named_osm=580
[17:25:47]    overpass.private.coffee try 1: The read operation timed out
[17:26:37] [ 66/125] tile (13,-34) bbox 39,-102..42,-99  targets=336  named_osm=414
[17:27:36] [ 67/125] tile (13,-33) bbox 39,-99..42,-96  targets=352  named_osm=1374
[17:28:22]    overpass.private.coffee try 1: HTTP Error 504: Gateway Timeout
[17:29:25]    overpass.private.coffee try 2: The read operation timed out
[17:29:28]    mirror exhausted, falling through to next
[17:30:28]    overpass.kumi.systems try 1: The read operation timed out
[17:31:12] [ 68/125] tile (13,-32) bbox 39,-96..42,-93  targets=226  named_osm=1296
[17:32:12]    overpass.private.coffee try 1: The read operation timed out
[17:32:47]    overpass.private.coffee try 2: HTTP Error 504: Gateway Timeout
[17:32:50]    mirror exhausted, falling through to next
[17:33:37] [ 69/125] tile (13,-31) bbox 39,-93..42,-90  targets=21  named_osm=916
[17:34:38]    overpass.private.coffee try 1: The read operation timed out
[17:35:41]    overpass.private.coffee try 2: The read operation timed out
[17:35:44]    mirror exhausted, falling through to next
[17:36:28]    overpass.kumi.systems try 1: HTTP Error 504: Gateway Timeout
[17:37:31]    overpass.kumi.systems try 2: The read operation timed out
[17:37:34]    mirror exhausted, falling through to next
[17:37:35]    maps.mail.ru try 1: HTTP Error 403: Forbidden
[17:37:38]    maps.mail.ru try 2: HTTP Error 403: Forbidden
[17:37:41]    mirror exhausted, falling through to next
[17:38:14] [ 70/125] tile (13,-30) bbox 39,-90..42,-87  targets=41  named_osm=433
[17:39:15]    overpass.private.coffee try 1: The read operation timed out
[17:39:55]    overpass.private.coffee try 2: HTTP Error 504: Gateway Timeout
[17:39:58]    mirror exhausted, falling through to next
[17:40:59]    overpass.kumi.systems try 1: The read operation timed out
[17:42:02]    overpass.kumi.systems try 2: The read operation timed out
[17:42:05]    mirror exhausted, falling through to next
[17:42:06]    maps.mail.ru try 1: HTTP Error 403: Forbidden
[17:42:10]    maps.mail.ru try 2: HTTP Error 403: Forbidden
[17:42:13]    mirror exhausted, falling through to next
[17:42:47] [ 71/125] tile (13,-29) bbox 39,-87..42,-84  targets=113  named_osm=492
[17:43:26]    overpass.private.coffee try 1: HTTP Error 504: Gateway Timeout
[17:44:30]    overpass.private.coffee try 2: The read operation timed out
[17:44:33]    mirror exhausted, falling through to next
[17:45:33]    overpass.kumi.systems try 1: The read operation timed out
[17:46:16]    overpass.kumi.systems try 2: HTTP Error 504: Gateway Timeout
[17:46:20]    mirror exhausted, falling through to next
[17:46:20]    maps.mail.ru try 1: HTTP Error 403: Forbidden
[17:46:24]    maps.mail.ru try 2: HTTP Error 403: Forbidden
[17:46:27]    mirror exhausted, falling through to next
[17:46:57] [ 72/125] tile (13,-28) bbox 39,-84..42,-81  targets=92  named_osm=619
[17:47:39]    overpass.private.coffee try 1: HTTP Error 504: Gateway Timeout
[17:48:23]    overpass.private.coffee try 2: HTTP Error 504: Gateway Timeout
[17:48:26]    mirror exhausted, falling through to next
[17:49:11]    overpass.kumi.systems try 1: HTTP Error 504: Gateway Timeout
[17:49:52]    overpass.kumi.systems try 2: HTTP Error 504: Gateway Timeout
[17:49:55]    mirror exhausted, falling through to next
[17:49:56]    maps.mail.ru try 1: HTTP Error 403: Forbidden
[17:50:00]    maps.mail.ru try 2: HTTP Error 403: Forbidden
[17:50:03]    mirror exhausted, falling through to next
[17:50:40] [ 73/125] tile (13,-27) bbox 39,-81..42,-78  targets=93  named_osm=773
[17:51:41]    overpass.private.coffee try 1: The read operation timed out
[17:52:44]    overpass.private.coffee try 2: The read operation timed out
[17:52:47]    mirror exhausted, falling through to next
[17:53:48]    overpass.kumi.systems try 1: The read operation timed out
[17:54:33]    overpass.kumi.systems try 2: HTTP Error 504: Gateway Timeout
[17:54:36]    mirror exhausted, falling through to next
[17:54:36]    maps.mail.ru try 1: HTTP Error 403: Forbidden
[17:54:40]    maps.mail.ru try 2: HTTP Error 403: Forbidden
[17:54:43]    mirror exhausted, falling through to next
[17:55:24] [ 74/125] tile (13,-26) bbox 39,-78..42,-75  targets=438  named_osm=1242
[17:56:04]    overpass.private.coffee try 1: HTTP Error 504: Gateway Timeout
[17:57:07]    overpass.private.coffee try 2: The read operation timed out
[17:57:10]    mirror exhausted, falling through to next
[17:58:11]    overpass.kumi.systems try 1: The read operation timed out
[17:59:14]    overpass.kumi.systems try 2: The read operation timed out
[17:59:17]    mirror exhausted, falling through to next
[17:59:18]    maps.mail.ru try 1: HTTP Error 403: Forbidden
[17:59:22]    maps.mail.ru try 2: HTTP Error 403: Forbidden
[17:59:25]    mirror exhausted, falling through to next
[18:00:16] [ 75/125] tile (13,-25) bbox 39,-75..42,-72  targets=397  named_osm=1394
[18:01:16]    overpass.private.coffee try 1: The read operation timed out
[18:02:07]    overpass.private.coffee try 2: HTTP Error 504: Gateway Timeout
[18:02:10]    mirror exhausted, falling through to next
[18:03:10] [ 76/125] tile (13,-24) bbox 39,-72..42,-69  targets=170  named_osm=441
[18:04:00] [ 77/125] tile (14,-42) bbox 42,-126..45,-123  targets=15  named_osm=84
[18:04:40]    overpass.private.coffee try 1: HTTP Error 504: Gateway Timeout
[18:05:27] [ 78/125] tile (14,-41) bbox 42,-123..45,-120  targets=74  named_osm=221
[18:06:06]    overpass.private.coffee try 1: HTTP Error 504: Gateway Timeout
[18:06:49] [ 79/125] tile (14,-40) bbox 42,-120..45,-117  targets=128  named_osm=192
[18:07:39] [ 80/125] tile (14,-39) bbox 42,-117..45,-114  targets=2168  named_osm=218
[18:08:15]    overpass.private.coffee try 1: HTTP Error 504: Gateway Timeout
[18:08:56]    overpass.private.coffee try 2: HTTP Error 504: Gateway Timeout
[18:08:59]    mirror exhausted, falling through to next
[18:09:35]    overpass.kumi.systems try 1: HTTP Error 504: Gateway Timeout
[18:10:27] [ 81/125] tile (14,-38) bbox 42,-114..45,-111  targets=549  named_osm=149
[18:11:05]    overpass.private.coffee try 1: HTTP Error 504: Gateway Timeout
[18:12:08]    overpass.private.coffee try 2: The read operation timed out
[18:12:11]    mirror exhausted, falling through to next
[18:12:56] [ 82/125] tile (14,-37) bbox 42,-111..45,-108  targets=93  named_osm=164
[18:13:31]    overpass.private.coffee try 1: HTTP Error 504: Gateway Timeout
[18:14:35]    overpass.private.coffee try 2: The read operation timed out
[18:14:38]    mirror exhausted, falling through to next
[18:15:31] [ 83/125] tile (14,-36) bbox 42,-108..45,-105  targets=68  named_osm=632
[18:16:13]    overpass.private.coffee try 1: HTTP Error 504: Gateway Timeout
[18:17:03]    overpass.private.coffee try 2: HTTP Error 504: Gateway Timeout
[18:17:06]    mirror exhausted, falling through to next
[18:18:07]    overpass.kumi.systems try 1: The read operation timed out
[18:19:09]    overpass.kumi.systems try 2: HTTP Error 504: Gateway Timeout
[18:19:12]    mirror exhausted, falling through to next
[18:19:13]    maps.mail.ru try 1: HTTP Error 403: Forbidden
[18:19:17]    maps.mail.ru try 2: HTTP Error 403: Forbidden
[18:19:20]    mirror exhausted, falling through to next
[18:19:41] [ 84/125] tile (14,-35) bbox 42,-105..45,-102  targets=345  named_osm=752
[18:20:41] [ 85/125] tile (14,-34) bbox 42,-102..45,-99  targets=85  named_osm=844
[18:21:42]    overpass.private.coffee try 1: The read operation timed out
[18:22:45]    overpass.private.coffee try 2: The read operation timed out
[18:22:48]    mirror exhausted, falling through to next
[18:23:48]    overpass.kumi.systems try 1: The read operation timed out
[18:24:52]    overpass.kumi.systems try 2: The read operation timed out
[18:24:55]    mirror exhausted, falling through to next
[18:24:55]    maps.mail.ru try 1: HTTP Error 403: Forbidden
[18:24:59]    maps.mail.ru try 2: HTTP Error 403: Forbidden
[18:25:02]    mirror exhausted, falling through to next
[18:25:25] [ 86/125] tile (14,-33) bbox 42,-99..45,-96  targets=123  named_osm=204
[18:26:25]    overpass.private.coffee try 1: The read operation timed out
[18:27:29]    overpass.private.coffee try 2: The read operation timed out
[18:27:32]    mirror exhausted, falling through to next
[18:28:14]    overpass.kumi.systems try 1: HTTP Error 504: Gateway Timeout
[18:29:15] [ 87/125] tile (14,-32) bbox 42,-96..45,-93  targets=100  named_osm=90
[18:30:16]    overpass.private.coffee try 1: The read operation timed out
[18:31:19]    overpass.private.coffee try 2: The read operation timed out
[18:31:22]    mirror exhausted, falling through to next
[18:32:23]    overpass.kumi.systems try 1: The read operation timed out
[18:33:20] [ 88/125] tile (14,-31) bbox 42,-93..45,-90  targets=90  named_osm=376
[18:34:21]    overpass.private.coffee try 1: The read operation timed out
[18:35:21] [ 89/125] tile (14,-30) bbox 42,-90..45,-87  targets=21  named_osm=386
[18:36:13] [ 90/125] tile (14,-29) bbox 42,-87..45,-84  targets=56  named_osm=115
[18:37:10] [ 91/125] tile (14,-28) bbox 42,-84..45,-81  targets=21  named_osm=88
[18:38:11]    overpass.private.coffee try 1: The read operation timed out
[18:38:50]    overpass.private.coffee try 2: HTTP Error 504: Gateway Timeout
[18:38:53]    mirror exhausted, falling through to next
[18:39:47] [ 92/125] tile (14,-27) bbox 42,-81..45,-78  targets=31  named_osm=142
[18:40:47]    overpass.private.coffee try 1: The read operation timed out
[18:41:50]    overpass.private.coffee try 2: The read operation timed out
[18:41:54]    mirror exhausted, falling through to next
[18:42:54]    overpass.kumi.systems try 1: The read operation timed out
[18:43:57]    overpass.kumi.systems try 2: The read operation timed out
[18:44:00]    mirror exhausted, falling through to next
[18:44:01]    maps.mail.ru try 1: HTTP Error 403: Forbidden
[18:44:05]    maps.mail.ru try 2: HTTP Error 403: Forbidden
[18:44:08]    mirror exhausted, falling through to next
[18:44:31] [ 93/125] tile (14,-26) bbox 42,-78..45,-75  targets=189  named_osm=275
[18:45:13]    overpass.private.coffee try 1: HTTP Error 504: Gateway Timeout
[18:46:01]    overpass.private.coffee try 2: HTTP Error 504: Gateway Timeout
[18:46:04]    mirror exhausted, falling through to next
[18:47:04]    overpass.kumi.systems try 1: The read operation timed out
[18:48:07]    overpass.kumi.systems try 2: The read operation timed out
[18:48:10]    mirror exhausted, falling through to next
[18:48:11]    maps.mail.ru try 1: HTTP Error 403: Forbidden
[18:48:15]    maps.mail.ru try 2: HTTP Error 403: Forbidden
[18:48:18]    mirror exhausted, falling through to next
[18:48:44] [ 94/125] tile (14,-25) bbox 42,-75..45,-72  targets=495  named_osm=1240
[18:49:45]    overpass.private.coffee try 1: The read operation timed out
[18:50:48]    overpass.private.coffee try 2: The read operation timed out
[18:50:51]    mirror exhausted, falling through to next
[18:51:51]    overpass.kumi.systems try 1: The read operation timed out
[18:52:55]    overpass.kumi.systems try 2: The read operation timed out
[18:52:58]    mirror exhausted, falling through to next
[18:52:58]    maps.mail.ru try 1: HTTP Error 403: Forbidden
[18:53:02]    maps.mail.ru try 2: HTTP Error 403: Forbidden
[18:53:05]    mirror exhausted, falling through to next
[18:53:34] [ 95/125] tile (14,-24) bbox 42,-72..45,-69  targets=470  named_osm=1518
[18:54:18] [ 96/125] tile (14,-23) bbox 42,-69..45,-66  targets=27  named_osm=98
[18:55:08] [ 97/125] tile (15,-42) bbox 45,-126..48,-123  targets=15  named_osm=115
[18:56:09]    overpass.private.coffee try 1: The read operation timed out
[18:56:56]    overpass.private.coffee try 2: HTTP Error 504: Gateway Timeout
[18:56:59]    mirror exhausted, falling through to next
[18:57:59]    overpass.kumi.systems try 1: The read operation timed out
[18:58:35]    overpass.kumi.systems try 2: HTTP Error 504: Gateway Timeout
[18:58:38]    mirror exhausted, falling through to next
[18:58:39]    maps.mail.ru try 1: HTTP Error 403: Forbidden
[18:58:42]    maps.mail.ru try 2: HTTP Error 403: Forbidden
[18:58:45]    mirror exhausted, falling through to next
[18:59:15] [ 98/125] tile (15,-41) bbox 45,-123..48,-120  targets=86  named_osm=381
[18:59:54]    overpass.private.coffee try 1: HTTP Error 504: Gateway Timeout
[19:00:39] [ 99/125] tile (15,-40) bbox 45,-120..48,-117  targets=60  named_osm=167
[19:01:20] [100/125] tile (15,-39) bbox 45,-117..48,-114  targets=58  named_osm=112
[19:01:56]    overpass.private.coffee try 1: HTTP Error 504: Gateway Timeout
[19:03:00]    overpass.private.coffee try 2: The read operation timed out
[19:03:03]    mirror exhausted, falling through to next
[19:03:42] [101/125] tile (15,-38) bbox 45,-114..48,-111  targets=48  named_osm=327
[19:04:15] [102/125] tile (15,-37) bbox 45,-111..48,-108  targets=30  named_osm=550
[19:05:08] [103/125] tile (15,-36) bbox 45,-108..48,-105  targets=56  named_osm=1303
[19:05:49] [104/125] tile (15,-35) bbox 45,-105..48,-102  targets=16  named_osm=678
[19:06:33] [105/125] tile (15,-34) bbox 45,-102..48,-99  targets=18  named_osm=435
[19:07:34]    overpass.private.coffee try 1: The read operation timed out
[19:08:08]    overpass.private.coffee try 2: HTTP Error 504: Gateway Timeout
[19:08:11]    mirror exhausted, falling through to next
[19:08:43]    overpass.kumi.systems try 1: HTTP Error 504: Gateway Timeout
[19:09:32] [106/125] tile (15,-33) bbox 45,-99..48,-96  targets=60  named_osm=222
[19:10:09]    overpass.private.coffee try 1: HTTP Error 504: Gateway Timeout
[19:11:02] [107/125] tile (15,-32) bbox 45,-96..48,-93  targets=15  named_osm=94
[19:11:46] [108/125] tile (15,-31) bbox 45,-93..48,-90  targets=19  named_osm=309
[19:12:46]    overpass.private.coffee try 1: The read operation timed out
[19:13:28] [109/125] tile (15,-30) bbox 45,-90..48,-87  targets=25  named_osm=159
[19:14:00]    overpass.private.coffee try 1: HTTP Error 504: Gateway Timeout
[19:14:35]    overpass.private.coffee try 2: HTTP Error 504: Gateway Timeout
[19:14:38]    mirror exhausted, falling through to next
[19:15:20] [110/125] tile (15,-29) bbox 45,-87..48,-84  targets=9  named_osm=28
[19:16:20]    overpass.private.coffee try 1: The read operation timed out
[19:17:01]    overpass.private.coffee try 2: HTTP Error 504: Gateway Timeout
[19:17:04]    mirror exhausted, falling through to next
[19:18:00] [111/125] tile (15,-28) bbox 45,-84..48,-81  targets=3  named_osm=23
[19:19:00] [112/125] tile (15,-25) bbox 45,-75..48,-72  targets=1  named_osm=240
[19:20:01]    overpass.private.coffee try 1: The read operation timed out
[19:20:37]    overpass.private.coffee try 2: HTTP Error 504: Gateway Timeout
[19:20:40]    mirror exhausted, falling through to next
[19:21:20]    overpass.kumi.systems try 1: HTTP Error 504: Gateway Timeout
[19:21:55]    overpass.kumi.systems try 2: HTTP Error 504: Gateway Timeout
[19:21:58]    mirror exhausted, falling through to next
[19:21:58]    maps.mail.ru try 1: HTTP Error 403: Forbidden
[19:22:02]    maps.mail.ru try 2: HTTP Error 403: Forbidden
[19:22:05]    mirror exhausted, falling through to next
[19:22:25] [113/125] tile (15,-24) bbox 45,-72..48,-69  targets=22  named_osm=187
[19:22:56]    overpass.private.coffee try 1: HTTP Error 504: Gateway Timeout
[19:23:48] [114/125] tile (15,-23) bbox 45,-69..48,-66  targets=43  named_osm=137
[19:24:39] [115/125] tile (16,-42) bbox 48,-126..51,-123  targets=7  named_osm=92
[19:25:33] [116/125] tile (16,-41) bbox 48,-123..51,-120  targets=16  named_osm=131
[19:26:12]    overpass.private.coffee try 1: HTTP Error 504: Gateway Timeout
[19:26:52]    overpass.private.coffee try 2: HTTP Error 504: Gateway Timeout
[19:26:55]    mirror exhausted, falling through to next
[19:27:56]    overpass.kumi.systems try 1: The read operation timed out
[19:28:59]    overpass.kumi.systems try 2: The read operation timed out
[19:29:02]    mirror exhausted, falling through to next
[19:29:03]    maps.mail.ru try 1: HTTP Error 403: Forbidden
[19:29:06]    maps.mail.ru try 2: HTTP Error 403: Forbidden
[19:29:09]    mirror exhausted, falling through to next
[19:29:27] [117/125] tile (16,-40) bbox 48,-120..51,-117  targets=24  named_osm=100
[19:30:28]    overpass.private.coffee try 1: The read operation timed out
[19:31:27]    overpass.private.coffee try 2: HTTP Error 504: Gateway Timeout
[19:31:30]    mirror exhausted, falling through to next
[19:32:31]    overpass.kumi.systems try 1: The read operation timed out
[19:33:34]    overpass.kumi.systems try 2: The read operation timed out
[19:33:37]    mirror exhausted, falling through to next
[19:33:38]    maps.mail.ru try 1: HTTP Error 403: Forbidden
[19:33:42]    maps.mail.ru try 2: HTTP Error 403: Forbidden
[19:33:45]    mirror exhausted, falling through to next
[19:34:06] [118/125] tile (16,-39) bbox 48,-117..51,-114  targets=5  named_osm=42
[19:35:07]    overpass.private.coffee try 1: The read operation timed out
[19:36:08] [119/125] tile (16,-38) bbox 48,-114..51,-111  targets=32  named_osm=224
[19:36:57]    overpass.private.coffee try 1: HTTP Error 504: Gateway Timeout
[19:37:45] [120/125] tile (16,-37) bbox 48,-111..51,-108  targets=9  named_osm=401
[19:38:46]    overpass.private.coffee try 1: The read operation timed out
[19:39:27]    overpass.private.coffee try 2: HTTP Error 504: Gateway Timeout
[19:39:30]    mirror exhausted, falling through to next
[19:40:31]    overpass.kumi.systems try 1: The read operation timed out
[19:41:06]    overpass.kumi.systems try 2: HTTP Error 504: Gateway Timeout
[19:41:09]    mirror exhausted, falling through to next
[19:41:09]    maps.mail.ru try 1: HTTP Error 403: Forbidden
[19:41:13]    maps.mail.ru try 2: HTTP Error 403: Forbidden
[19:41:16]    mirror exhausted, falling through to next
[19:41:30] [121/125] tile (16,-36) bbox 48,-108..51,-105  targets=4  named_osm=274
[19:42:04]    overpass.private.coffee try 1: HTTP Error 504: Gateway Timeout
[19:42:51] [122/125] tile (16,-35) bbox 48,-105..51,-102  targets=5  named_osm=93
[19:43:40] [123/125] tile (16,-34) bbox 48,-102..51,-99  targets=26  named_osm=46
[19:44:30] [124/125] tile (16,-33) bbox 48,-99..51,-96  targets=23  named_osm=126
[19:45:13]    overpass.private.coffee try 1: HTTP Error 504: Gateway Timeout
[19:45:57]    overpass.private.coffee try 2: HTTP Error 504: Gateway Timeout
[19:46:00]    mirror exhausted, falling through to next
[19:46:40] [125/125] tile (18,-33) bbox 54,-99..57,-96  targets=1  named_osm=2
[19:46:40] total OSM named features collected: 59454
[19:46:40] matched OSM names for 912 of 13334 targets
[19:46:41] wrote OSM_Name column to /Users/kennyquintana/Developer/lhd-screening/frontend/data/full_lhd_website.csv
[19:46:41] wrote rename log to /Users/kennyquintana/Developer/lhd-screening/scripts/osm_rename_log.csv (912 rows)
